// Jest Snapshot v1, https://goo.gl/fbAQLP

exports[`Global Global renders 1`] = `null`;

exports[`Preset Preset renders 1`] = `
.c0 {
  color: #333;
  background: #fff;
  font-family: -apple-system,BlinkMacSystemFont,"Helvetica Neue",helvetica,"PingFang SC-Thin","Microsoft YaHei","WenQuanYi Micro Hei",sans-serif;
  font-size: 1rem;
  line-height: 1.5;
  word-wrap: break-word;
}

<div
  className="c0"
/>
`;
